[1.505s] Invoking command in '/home/antonio/ros2_ws/src/teleop_twist_keyboard': DEBUGINFOD_URLS=https://debuginfod.ubuntu.com PS1=(ai-venv) \[\e]0;\u@\h: \w\a\]${debian_chroot:+($debian_chroot)}\[\033[01;32m\]\u@\h\[\033[00m\]:\[\033[01;34m\]\w\[\033[00m\]\$ PYTHONPATH=/home/antonio/ros2_ws/build/teleop_twist_keyboard/prefix_override:/usr/lib/python3/dist-packages/colcon_core/task/python/colcon_distutils_commands:/home/antonio/ros2_ws/install/teleop_twist_keyboard/lib/python3.12/site-packages:${PYTHONPATH} VIRTUAL_ENV_PROMPT=(ai-venv) /usr/bin/python3 -W ignore:setup.py install is deprecated -W ignore:easy_install command is deprecated setup.py egg_info --egg-base ../../build/teleop_twist_keyboard build --build-base /home/antonio/ros2_ws/build/teleop_twist_keyboard/build install --record /home/antonio/ros2_ws/build/teleop_twist_keyboard/install.log --single-version-externally-managed install_data
[1.765s] running egg_info
[1.785s] writing ../../build/teleop_twist_keyboard/teleop_twist_keyboard_ros2ws.egg-info/PKG-INFO
[1.789s] writing dependency_links to ../../build/teleop_twist_keyboard/teleop_twist_keyboard_ros2ws.egg-info/dependency_links.txt
[1.789s] writing requirements to ../../build/teleop_twist_keyboard/teleop_twist_keyboard_ros2ws.egg-info/requires.txt
[1.789s] writing top-level names to ../../build/teleop_twist_keyboard/teleop_twist_keyboard_ros2ws.egg-info/top_level.txt
[1.854s] reading manifest file '../../build/teleop_twist_keyboard/teleop_twist_keyboard_ros2ws.egg-info/SOURCES.txt'
[1.855s] writing manifest file '../../build/teleop_twist_keyboard/teleop_twist_keyboard_ros2ws.egg-info/SOURCES.txt'
[1.855s] running build
[1.855s] running build_py
[1.855s] creating /home/antonio/ros2_ws/build/teleop_twist_keyboard/build
[1.855s] creating /home/antonio/ros2_ws/build/teleop_twist_keyboard/build/lib
[1.855s] copying teleop_twist_keyboard_ros2ws.py -> /home/antonio/ros2_ws/build/teleop_twist_keyboard/build/lib
[1.856s] creating /home/antonio/ros2_ws/build/teleop_twist_keyboard/build/lib/teleop_twist_keyboard
[1.856s] copying teleop_twist_keyboard/teleop_twist_keyboard.py -> /home/antonio/ros2_ws/build/teleop_twist_keyboard/build/lib/teleop_twist_keyboard
[1.856s] copying teleop_twist_keyboard/__init__.py -> /home/antonio/ros2_ws/build/teleop_twist_keyboard/build/lib/teleop_twist_keyboard
[1.856s] running build_scripts
[1.856s] creating /home/antonio/ros2_ws/build/teleop_twist_keyboard/build/scripts-3.12
[1.856s] copying and adjusting scripts/teleop_twist_keyboard -> /home/antonio/ros2_ws/build/teleop_twist_keyboard/build/scripts-3.12
[1.856s] changing mode of /home/antonio/ros2_ws/build/teleop_twist_keyboard/build/scripts-3.12/teleop_twist_keyboard from 664 to 775
[1.857s] running install
[1.861s] running install_lib
[1.882s] copying /home/antonio/ros2_ws/build/teleop_twist_keyboard/build/lib/teleop_twist_keyboard_ros2ws.py -> /home/antonio/ros2_ws/install/teleop_twist_keyboard/lib/python3.12/site-packages
[1.882s] creating /home/antonio/ros2_ws/install/teleop_twist_keyboard/lib/python3.12/site-packages/teleop_twist_keyboard
[1.882s] copying /home/antonio/ros2_ws/build/teleop_twist_keyboard/build/lib/teleop_twist_keyboard/teleop_twist_keyboard.py -> /home/antonio/ros2_ws/install/teleop_twist_keyboard/lib/python3.12/site-packages/teleop_twist_keyboard
[1.882s] copying /home/antonio/ros2_ws/build/teleop_twist_keyboard/build/lib/teleop_twist_keyboard/__init__.py -> /home/antonio/ros2_ws/install/teleop_twist_keyboard/lib/python3.12/site-packages/teleop_twist_keyboard
[1.883s] byte-compiling /home/antonio/ros2_ws/install/teleop_twist_keyboard/lib/python3.12/site-packages/teleop_twist_keyboard_ros2ws.py to teleop_twist_keyboard_ros2ws.cpython-312.pyc
[1.883s] byte-compiling /home/antonio/ros2_ws/install/teleop_twist_keyboard/lib/python3.12/site-packages/teleop_twist_keyboard/teleop_twist_keyboard.py to teleop_twist_keyboard.cpython-312.pyc
[1.884s] byte-compiling /home/antonio/ros2_ws/install/teleop_twist_keyboard/lib/python3.12/site-packages/teleop_twist_keyboard/__init__.py to __init__.cpython-312.pyc
[1.884s] running install_data
[1.886s] running install_egg_info
[1.908s] Copying ../../build/teleop_twist_keyboard/teleop_twist_keyboard_ros2ws.egg-info to /home/antonio/ros2_ws/install/teleop_twist_keyboard/lib/python3.12/site-packages/teleop_twist_keyboard_ros2ws-2.4.0-py3.12.egg-info
[1.909s] running install_scripts
[1.930s] copying /home/antonio/ros2_ws/build/teleop_twist_keyboard/build/scripts-3.12/teleop_twist_keyboard -> /home/antonio/ros2_ws/install/teleop_twist_keyboard/lib/teleop_twist_keyboard
[1.930s] changing mode of /home/antonio/ros2_ws/install/teleop_twist_keyboard/lib/teleop_twist_keyboard/teleop_twist_keyboard to 775
[2.017s] writing list of installed files to '/home/antonio/ros2_ws/build/teleop_twist_keyboard/install.log'
[2.053s] Invoked command in '/home/antonio/ros2_ws/src/teleop_twist_keyboard' returned '0': DEBUGINFOD_URLS=https://debuginfod.ubuntu.com PS1=(ai-venv) \[\e]0;\u@\h: \w\a\]${debian_chroot:+($debian_chroot)}\[\033[01;32m\]\u@\h\[\033[00m\]:\[\033[01;34m\]\w\[\033[00m\]\$ PYTHONPATH=/home/antonio/ros2_ws/build/teleop_twist_keyboard/prefix_override:/usr/lib/python3/dist-packages/colcon_core/task/python/colcon_distutils_commands:/home/antonio/ros2_ws/install/teleop_twist_keyboard/lib/python3.12/site-packages:${PYTHONPATH} VIRTUAL_ENV_PROMPT=(ai-venv) /usr/bin/python3 -W ignore:setup.py install is deprecated -W ignore:easy_install command is deprecated setup.py egg_info --egg-base ../../build/teleop_twist_keyboard build --build-base /home/antonio/ros2_ws/build/teleop_twist_keyboard/build install --record /home/antonio/ros2_ws/build/teleop_twist_keyboard/install.log --single-version-externally-managed install_data
