[1.386s] Invoking command in '/home/antonio/ros2_ws/src/diff_robot_urdff': DEBUGINFOD_URLS=https://debuginfod.ubuntu.com PS1=(ai-venv) \[\e]0;\u@\h: \w\a\]${debian_chroot:+($debian_chroot)}\[\033[01;32m\]\u@\h\[\033[00m\]:\[\033[01;34m\]\w\[\033[00m\]\$ PYTHONPATH=/home/antonio/ros2_ws/build/diff_robot_urdf/prefix_override:/usr/lib/python3/dist-packages/colcon_core/task/python/colcon_distutils_commands:/home/antonio/ros2_ws/install/diff_robot_urdf/lib/python3.12/site-packages:${PYTHONPATH} VIRTUAL_ENV_PROMPT=(ai-venv) /usr/bin/python3 -W ignore:setup.py install is deprecated -W ignore:easy_install command is deprecated setup.py egg_info --egg-base ../../build/diff_robot_urdf build --build-base /home/antonio/ros2_ws/build/diff_robot_urdf/build install --record /home/antonio/ros2_ws/build/diff_robot_urdf/install.log --single-version-externally-managed install_data
[1.653s] running egg_info
[1.674s] writing ../../build/diff_robot_urdf/diff_robot_urdf.egg-info/PKG-INFO
[1.675s] writing dependency_links to ../../build/diff_robot_urdf/diff_robot_urdf.egg-info/dependency_links.txt
[1.675s] writing entry points to ../../build/diff_robot_urdf/diff_robot_urdf.egg-info/entry_points.txt
[1.675s] writing requirements to ../../build/diff_robot_urdf/diff_robot_urdf.egg-info/requires.txt
[1.675s] writing top-level names to ../../build/diff_robot_urdf/diff_robot_urdf.egg-info/top_level.txt
[1.719s] reading manifest file '../../build/diff_robot_urdf/diff_robot_urdf.egg-info/SOURCES.txt'
[1.720s] writing manifest file '../../build/diff_robot_urdf/diff_robot_urdf.egg-info/SOURCES.txt'
[1.720s] running build
[1.720s] running build_py
[1.720s] running install
[1.724s] running install_lib
[1.746s] running install_data
[1.746s] copying urdf/fl_wheel.xacro -> /home/antonio/ros2_ws/install/diff_robot_urdf/share/diff_robot_urdf/urdf
[1.747s] copying urdf/fl_castor.xacro -> /home/antonio/ros2_ws/install/diff_robot_urdf/share/diff_robot_urdf/urdf
[1.747s] copying urdf/rr_castor.xacro -> /home/antonio/ros2_ws/install/diff_robot_urdf/share/diff_robot_urdf/urdf
[1.747s] copying urdf/fr_castor.xacro -> /home/antonio/ros2_ws/install/diff_robot_urdf/share/diff_robot_urdf/urdf
[1.747s] copying urdf/rl_wheel.xacro -> /home/antonio/ros2_ws/install/diff_robot_urdf/share/diff_robot_urdf/urdf
[1.747s] copying urdf/tracer_wheel_1.xacro -> /home/antonio/ros2_ws/install/diff_robot_urdf/share/diff_robot_urdf/urdf
[1.748s] copying urdf/tracer_v1.xacro -> /home/antonio/ros2_ws/install/diff_robot_urdf/share/diff_robot_urdf/urdf
[1.748s] copying urdf/tracer_wheel_2.xacro -> /home/antonio/ros2_ws/install/diff_robot_urdf/share/diff_robot_urdf/urdf
[1.748s] copying urdf/rr_wheel.xacro -> /home/antonio/ros2_ws/install/diff_robot_urdf/share/diff_robot_urdf/urdf
[1.748s] copying urdf/fr_wheel.xacro -> /home/antonio/ros2_ws/install/diff_robot_urdf/share/diff_robot_urdf/urdf
[1.748s] copying urdf/rl_castor.xacro -> /home/antonio/ros2_ws/install/diff_robot_urdf/share/diff_robot_urdf/urdf
[1.748s] running install_egg_info
[1.770s] removing '/home/antonio/ros2_ws/install/diff_robot_urdf/lib/python3.12/site-packages/diff_robot_urdf-0.0.0-py3.12.egg-info' (and everything under it)
[1.770s] Copying ../../build/diff_robot_urdf/diff_robot_urdf.egg-info to /home/antonio/ros2_ws/install/diff_robot_urdf/lib/python3.12/site-packages/diff_robot_urdf-0.0.0-py3.12.egg-info
[1.771s] running install_scripts
[1.901s] Installing arm_controller script to /home/antonio/ros2_ws/install/diff_robot_urdf/lib/diff_robot_urdf
[1.901s] writing list of installed files to '/home/antonio/ros2_ws/build/diff_robot_urdf/install.log'
[1.934s] Invoked command in '/home/antonio/ros2_ws/src/diff_robot_urdff' returned '0': DEBUGINFOD_URLS=https://debuginfod.ubuntu.com PS1=(ai-venv) \[\e]0;\u@\h: \w\a\]${debian_chroot:+($debian_chroot)}\[\033[01;32m\]\u@\h\[\033[00m\]:\[\033[01;34m\]\w\[\033[00m\]\$ PYTHONPATH=/home/antonio/ros2_ws/build/diff_robot_urdf/prefix_override:/usr/lib/python3/dist-packages/colcon_core/task/python/colcon_distutils_commands:/home/antonio/ros2_ws/install/diff_robot_urdf/lib/python3.12/site-packages:${PYTHONPATH} VIRTUAL_ENV_PROMPT=(ai-venv) /usr/bin/python3 -W ignore:setup.py install is deprecated -W ignore:easy_install command is deprecated setup.py egg_info --egg-base ../../build/diff_robot_urdf build --build-base /home/antonio/ros2_ws/build/diff_robot_urdf/build install --record /home/antonio/ros2_ws/build/diff_robot_urdf/install.log --single-version-externally-managed install_data
