[1.332s] Invoking command in '/home/antonio/ros2_ws/src/sentiment_ros2': DEBUGINFOD_URLS=https://debuginfod.ubuntu.com PS1=(ai-venv) \[\e]0;\u@\h: \w\a\]${debian_chroot:+($debian_chroot)}\[\033[01;32m\]\u@\h\[\033[00m\]:\[\033[01;34m\]\w\[\033[00m\]\$ PYTHONPATH=/home/antonio/ros2_ws/build/sentiment_ros2/prefix_override:/usr/lib/python3/dist-packages/colcon_core/task/python/colcon_distutils_commands:/home/antonio/ros2_ws/install/sentiment_ros2/lib/python3.12/site-packages:${PYTHONPATH} VIRTUAL_ENV_PROMPT=(ai-venv) /usr/bin/python3 -W ignore:setup.py install is deprecated -W ignore:easy_install command is deprecated setup.py egg_info --egg-base ../../build/sentiment_ros2 build --build-base /home/antonio/ros2_ws/build/sentiment_ros2/build install --record /home/antonio/ros2_ws/build/sentiment_ros2/install.log --single-version-externally-managed install_data
[1.602s] running egg_info
[1.623s] writing ../../build/sentiment_ros2/sentiment_ros2.egg-info/PKG-INFO
[1.624s] writing dependency_links to ../../build/sentiment_ros2/sentiment_ros2.egg-info/dependency_links.txt
[1.624s] writing entry points to ../../build/sentiment_ros2/sentiment_ros2.egg-info/entry_points.txt
[1.624s] writing requirements to ../../build/sentiment_ros2/sentiment_ros2.egg-info/requires.txt
[1.624s] writing top-level names to ../../build/sentiment_ros2/sentiment_ros2.egg-info/top_level.txt
[1.668s] reading manifest file '../../build/sentiment_ros2/sentiment_ros2.egg-info/SOURCES.txt'
[1.669s] writing manifest file '../../build/sentiment_ros2/sentiment_ros2.egg-info/SOURCES.txt'
[1.669s] running build
[1.669s] running build_py
[1.669s] copying sentiment_ros2/__init__.py -> /home/antonio/ros2_ws/build/sentiment_ros2/build/lib/sentiment_ros2
[1.669s] running install
[1.673s] running install_lib
[1.696s] running install_data
[1.696s] copying resource/sentiment_ros2 -> /home/antonio/ros2_ws/install/sentiment_ros2/share/ament_index/resource_index/packages
[1.696s] copying package.xml -> /home/antonio/ros2_ws/install/sentiment_ros2/share/sentiment_ros2
[1.697s] running install_egg_info
[1.718s] removing '/home/antonio/ros2_ws/install/sentiment_ros2/lib/python3.12/site-packages/sentiment_ros2-0.0.0-py3.12.egg-info' (and everything under it)
[1.718s] Copying ../../build/sentiment_ros2/sentiment_ros2.egg-info to /home/antonio/ros2_ws/install/sentiment_ros2/lib/python3.12/site-packages/sentiment_ros2-0.0.0-py3.12.egg-info
[1.719s] running install_scripts
[1.850s] Installing sentiment_subscriber script to /home/antonio/ros2_ws/install/sentiment_ros2/lib/sentiment_ros2
[1.850s] Installing text_publisher script to /home/antonio/ros2_ws/install/sentiment_ros2/lib/sentiment_ros2
[1.850s] writing list of installed files to '/home/antonio/ros2_ws/build/sentiment_ros2/install.log'
[1.880s] Invoked command in '/home/antonio/ros2_ws/src/sentiment_ros2' returned '0': DEBUGINFOD_URLS=https://debuginfod.ubuntu.com PS1=(ai-venv) \[\e]0;\u@\h: \w\a\]${debian_chroot:+($debian_chroot)}\[\033[01;32m\]\u@\h\[\033[00m\]:\[\033[01;34m\]\w\[\033[00m\]\$ PYTHONPATH=/home/antonio/ros2_ws/build/sentiment_ros2/prefix_override:/usr/lib/python3/dist-packages/colcon_core/task/python/colcon_distutils_commands:/home/antonio/ros2_ws/install/sentiment_ros2/lib/python3.12/site-packages:${PYTHONPATH} VIRTUAL_ENV_PROMPT=(ai-venv) /usr/bin/python3 -W ignore:setup.py install is deprecated -W ignore:easy_install command is deprecated setup.py egg_info --egg-base ../../build/sentiment_ros2 build --build-base /home/antonio/ros2_ws/build/sentiment_ros2/build install --record /home/antonio/ros2_ws/build/sentiment_ros2/install.log --single-version-externally-managed install_data
