running develop
running egg_info
creating sentiment_ros2.egg-info
writing sentiment_ros2.egg-info/PKG-INFO
writing dependency_links to sentiment_ros2.egg-info/dependency_links.txt
writing entry points to sentiment_ros2.egg-info/entry_points.txt
writing requirements to sentiment_ros2.egg-info/requires.txt
writing top-level names to sentiment_ros2.egg-info/top_level.txt
writing manifest file 'sentiment_ros2.egg-info/SOURCES.txt'
reading manifest file 'sentiment_ros2.egg-info/SOURCES.txt'
writing manifest file 'sentiment_ros2.egg-info/SOURCES.txt'
running build_ext
Creating /home/antonio/ros2_ws/install/sentiment_ros2/lib/python3.12/site-packages/sentiment-ros2.egg-link (link to .)
Installing sentiment_subscriber script to /home/antonio/ros2_ws/install/sentiment_ros2/lib/sentiment_ros2
Installing text_publisher script to /home/antonio/ros2_ws/install/sentiment_ros2/lib/sentiment_ros2

Installed /home/antonio/ros2_ws/build/sentiment_ros2
running symlink_data
creating /home/antonio/ros2_ws/install/sentiment_ros2/share/ament_index
creating /home/antonio/ros2_ws/install/sentiment_ros2/share/ament_index/resource_index
creating /home/antonio/ros2_ws/install/sentiment_ros2/share/ament_index/resource_index/packages
symbolically linking /home/antonio/ros2_ws/build/sentiment_ros2/resource/sentiment_ros2 -> /home/antonio/ros2_ws/install/sentiment_ros2/share/ament_index/resource_index/packages
symbolically linking /home/antonio/ros2_ws/build/sentiment_ros2/package.xml -> /home/antonio/ros2_ws/install/sentiment_ros2/share/sentiment_ros2
