/home/antonio/ros2_ws/install/diff_robot_urdf/lib/python3.12/site-packages/diff_robot_urdf/arm_controller.py
/home/antonio/ros2_ws/install/diff_robot_urdf/lib/python3.12/site-packages/diff_robot_urdf/arm_teleop_bridge.py
/home/antonio/ros2_ws/install/diff_robot_urdf/lib/python3.12/site-packages/diff_robot_urdf/__init__.py
/home/antonio/ros2_ws/install/diff_robot_urdf/lib/python3.12/site-packages/diff_robot_urdf/__pycache__/arm_controller.cpython-312.pyc
/home/antonio/ros2_ws/install/diff_robot_urdf/lib/python3.12/site-packages/diff_robot_urdf/__pycache__/arm_teleop_bridge.cpython-312.pyc
/home/antonio/ros2_ws/install/diff_robot_urdf/lib/python3.12/site-packages/diff_robot_urdf/__pycache__/__init__.cpython-312.pyc
/home/antonio/ros2_ws/install/diff_robot_urdf/share/ament_index/resource_index/packages/diff_robot_urdf
/home/antonio/ros2_ws/install/diff_robot_urdf/share/diff_robot_urdf/package.xml
/home/antonio/ros2_ws/install/diff_robot_urdf/share/diff_robot_urdf/launch/sim.launch.py
/home/antonio/ros2_ws/install/diff_robot_urdf/share/diff_robot_urdf/launch/camera_view.launch.py
/home/antonio/ros2_ws/install/diff_robot_urdf/share/diff_robot_urdf/launch/mapping.launch.py
/home/antonio/ros2_ws/install/diff_robot_urdf/share/diff_robot_urdf/worlds/tracer_classroom.sdf
/home/antonio/ros2_ws/install/diff_robot_urdf/share/diff_robot_urdf/worlds/Loyola_Hospital_min.world
/home/antonio/ros2_ws/install/diff_robot_urdf/share/diff_robot_urdf/urdf/robot_arm.xacro
/home/antonio/ros2_ws/install/diff_robot_urdf/share/diff_robot_urdf/urdf/fl_wheel.xacro
/home/antonio/ros2_ws/install/diff_robot_urdf/share/diff_robot_urdf/urdf/fl_castor.xacro
/home/antonio/ros2_ws/install/diff_robot_urdf/share/diff_robot_urdf/urdf/rr_castor.xacro
/home/antonio/ros2_ws/install/diff_robot_urdf/share/diff_robot_urdf/urdf/fr_castor.xacro
/home/antonio/ros2_ws/install/diff_robot_urdf/share/diff_robot_urdf/urdf/rl_wheel.xacro
/home/antonio/ros2_ws/install/diff_robot_urdf/share/diff_robot_urdf/urdf/tracer_wheel_1.xacro
/home/antonio/ros2_ws/install/diff_robot_urdf/share/diff_robot_urdf/urdf/tracer_v1.xacro
/home/antonio/ros2_ws/install/diff_robot_urdf/share/diff_robot_urdf/urdf/tracer_wheel_2.xacro
/home/antonio/ros2_ws/install/diff_robot_urdf/share/diff_robot_urdf/urdf/empty.urdf
/home/antonio/ros2_ws/install/diff_robot_urdf/share/diff_robot_urdf/urdf/rr_wheel.xacro
/home/antonio/ros2_ws/install/diff_robot_urdf/share/diff_robot_urdf/urdf/fr_wheel.xacro
/home/antonio/ros2_ws/install/diff_robot_urdf/share/diff_robot_urdf/urdf/rl_castor.xacro
/home/antonio/ros2_ws/install/diff_robot_urdf/share/diff_robot_urdf/meshes/tracer_base_link_no_wheel.dae
/home/antonio/ros2_ws/install/diff_robot_urdf/share/diff_robot_urdf/meshes/castor.dae
/home/antonio/ros2_ws/install/diff_robot_urdf/share/diff_robot_urdf/meshes/castor_joint.dae
/home/antonio/ros2_ws/install/diff_robot_urdf/share/diff_robot_urdf/meshes/caster_L.stl
/home/antonio/ros2_ws/install/diff_robot_urdf/share/diff_robot_urdf/meshes/caster.stl
/home/antonio/ros2_ws/install/diff_robot_urdf/share/diff_robot_urdf/meshes/tracer_base_link.dae
/home/antonio/ros2_ws/install/diff_robot_urdf/share/diff_robot_urdf/meshes/tracer_wheel.dae
/home/antonio/ros2_ws/install/diff_robot_urdf/share/diff_robot_urdf/config/ros_gz_bridge.yaml
/home/antonio/ros2_ws/install/diff_robot_urdf/share/diff_robot_urdf/config/mapper_params_online_async.yaml
/home/antonio/ros2_ws/install/diff_robot_urdf/lib/python3.12/site-packages/diff_robot_urdf-0.0.0-py3.12.egg-info/zip-safe
/home/antonio/ros2_ws/install/diff_robot_urdf/lib/python3.12/site-packages/diff_robot_urdf-0.0.0-py3.12.egg-info/dependency_links.txt
/home/antonio/ros2_ws/install/diff_robot_urdf/lib/python3.12/site-packages/diff_robot_urdf-0.0.0-py3.12.egg-info/SOURCES.txt
/home/antonio/ros2_ws/install/diff_robot_urdf/lib/python3.12/site-packages/diff_robot_urdf-0.0.0-py3.12.egg-info/PKG-INFO
/home/antonio/ros2_ws/install/diff_robot_urdf/lib/python3.12/site-packages/diff_robot_urdf-0.0.0-py3.12.egg-info/requires.txt
/home/antonio/ros2_ws/install/diff_robot_urdf/lib/python3.12/site-packages/diff_robot_urdf-0.0.0-py3.12.egg-info/top_level.txt
/home/antonio/ros2_ws/install/diff_robot_urdf/lib/python3.12/site-packages/diff_robot_urdf-0.0.0-py3.12.egg-info/entry_points.txt
/home/antonio/ros2_ws/install/diff_robot_urdf/lib/diff_robot_urdf/arm_controller
