[1.354s] Invoking command in '/home/antonio/ros2_ws/src/teleop_twist_keyboard': DEBUGINFOD_URLS=https://debuginfod.ubuntu.com PS1=(ai-venv) \[\e]0;\u@\h: \w\a\]${debian_chroot:+($debian_chroot)}\[\033[01;32m\]\u@\h\[\033[00m\]:\[\033[01;34m\]\w\[\033[00m\]\$ PYTHONPATH=/home/antonio/ros2_ws/build/teleop_twist_keyboard/prefix_override:/usr/lib/python3/dist-packages/colcon_core/task/python/colcon_distutils_commands:/home/antonio/ros2_ws/install/teleop_twist_keyboard/lib/python3.12/site-packages:${PYTHONPATH} VIRTUAL_ENV_PROMPT=(ai-venv) /usr/bin/python3 -W ignore:setup.py install is deprecated -W ignore:easy_install command is deprecated setup.py egg_info --egg-base ../../build/teleop_twist_keyboard build --build-base /home/antonio/ros2_ws/build/teleop_twist_keyboard/build install --record /home/antonio/ros2_ws/build/teleop_twist_keyboard/install.log --single-version-externally-managed install_data
[1.624s] running egg_info
[1.645s] writing ../../build/teleop_twist_keyboard/teleop_twist_keyboard_ros2ws.egg-info/PKG-INFO
[1.646s] writing dependency_links to ../../build/teleop_twist_keyboard/teleop_twist_keyboard_ros2ws.egg-info/dependency_links.txt
[1.646s] writing requirements to ../../build/teleop_twist_keyboard/teleop_twist_keyboard_ros2ws.egg-info/requires.txt
[1.646s] writing top-level names to ../../build/teleop_twist_keyboard/teleop_twist_keyboard_ros2ws.egg-info/top_level.txt
[1.712s] reading manifest file '../../build/teleop_twist_keyboard/teleop_twist_keyboard_ros2ws.egg-info/SOURCES.txt'
[1.713s] writing manifest file '../../build/teleop_twist_keyboard/teleop_twist_keyboard_ros2ws.egg-info/SOURCES.txt'
[1.714s] running build
[1.714s] running build_py
[1.714s] copying teleop_twist_keyboard_ros2ws.py -> /home/antonio/ros2_ws/build/teleop_twist_keyboard/build/lib
[1.714s] copying teleop_twist_keyboard/teleop_twist_keyboard.py -> /home/antonio/ros2_ws/build/teleop_twist_keyboard/build/lib/teleop_twist_keyboard
[1.714s] running build_scripts
[1.714s] running install
[1.718s] running install_lib
[1.740s] running install_data
[1.740s] running install_egg_info
[1.762s] removing '/home/antonio/ros2_ws/install/teleop_twist_keyboard/lib/python3.12/site-packages/teleop_twist_keyboard_ros2ws-2.4.0-py3.12.egg-info' (and everything under it)
[1.762s] Copying ../../build/teleop_twist_keyboard/teleop_twist_keyboard_ros2ws.egg-info to /home/antonio/ros2_ws/install/teleop_twist_keyboard/lib/python3.12/site-packages/teleop_twist_keyboard_ros2ws-2.4.0-py3.12.egg-info
[1.763s] running install_scripts
[1.785s] copying /home/antonio/ros2_ws/build/teleop_twist_keyboard/build/scripts-3.12/teleop_twist_keyboard -> /home/antonio/ros2_ws/install/teleop_twist_keyboard/lib/teleop_twist_keyboard
[1.786s] changing mode of /home/antonio/ros2_ws/install/teleop_twist_keyboard/lib/teleop_twist_keyboard/teleop_twist_keyboard to 775
[1.872s] writing list of installed files to '/home/antonio/ros2_ws/build/teleop_twist_keyboard/install.log'
[1.909s] Invoked command in '/home/antonio/ros2_ws/src/teleop_twist_keyboard' returned '0': DEBUGINFOD_URLS=https://debuginfod.ubuntu.com PS1=(ai-venv) \[\e]0;\u@\h: \w\a\]${debian_chroot:+($debian_chroot)}\[\033[01;32m\]\u@\h\[\033[00m\]:\[\033[01;34m\]\w\[\033[00m\]\$ PYTHONPATH=/home/antonio/ros2_ws/build/teleop_twist_keyboard/prefix_override:/usr/lib/python3/dist-packages/colcon_core/task/python/colcon_distutils_commands:/home/antonio/ros2_ws/install/teleop_twist_keyboard/lib/python3.12/site-packages:${PYTHONPATH} VIRTUAL_ENV_PROMPT=(ai-venv) /usr/bin/python3 -W ignore:setup.py install is deprecated -W ignore:easy_install command is deprecated setup.py egg_info --egg-base ../../build/teleop_twist_keyboard build --build-base /home/antonio/ros2_ws/build/teleop_twist_keyboard/build install --record /home/antonio/ros2_ws/build/teleop_twist_keyboard/install.log --single-version-externally-managed install_data
