running develop
running egg_info
creating teleop_twist_keyboard_ros2ws.egg-info
writing teleop_twist_keyboard_ros2ws.egg-info/PKG-INFO
writing dependency_links to teleop_twist_keyboard_ros2ws.egg-info/dependency_links.txt
writing requirements to teleop_twist_keyboard_ros2ws.egg-info/requires.txt
writing top-level names to teleop_twist_keyboard_ros2ws.egg-info/top_level.txt
writing manifest file 'teleop_twist_keyboard_ros2ws.egg-info/SOURCES.txt'
reading manifest file 'teleop_twist_keyboard_ros2ws.egg-info/SOURCES.txt'
writing manifest file 'teleop_twist_keyboard_ros2ws.egg-info/SOURCES.txt'
running build_ext
Creating /home/antonio/ros2_ws/install/teleop_twist_keyboard/lib/python3.12/site-packages/teleop-twist-keyboard-ros2ws.egg-link (link to .)
Installing teleop_twist_keyboard script to /home/antonio/ros2_ws/install/teleop_twist_keyboard/lib/teleop_twist_keyboard

Installed /home/antonio/ros2_ws/build/teleop_twist_keyboard
running symlink_data
creating /home/antonio/ros2_ws/install/teleop_twist_keyboard/share/ament_index
creating /home/antonio/ros2_ws/install/teleop_twist_keyboard/share/ament_index/resource_index
creating /home/antonio/ros2_ws/install/teleop_twist_keyboard/share/ament_index/resource_index/packages
symbolically linking /home/antonio/ros2_ws/build/teleop_twist_keyboard/resource/teleop_twist_keyboard -> /home/antonio/ros2_ws/install/teleop_twist_keyboard/share/ament_index/resource_index/packages
symbolically linking /home/antonio/ros2_ws/build/teleop_twist_keyboard/package.xml -> /home/antonio/ros2_ws/install/teleop_twist_keyboard/share/teleop_twist_keyboard
