[0.869s] Invoking command in '/home/antonio/ros2_ws/build/diff_robot_urdf': DEBUGINFOD_URLS=https://debuginfod.ubuntu.com PYTHONPATH=/home/antonio/ros2_ws/build/diff_robot_urdf/prefix_override:/usr/lib/python3/dist-packages/colcon_core/task/python/colcon_distutils_commands:/home/antonio/ros2_ws/install/diff_robot_urdf/lib/python3.12/site-packages:${PYTHONPATH} VIRTUAL_ENV_PROMPT=(ai-venv) /usr/bin/python3 -W ignore:setup.py install is deprecated -W ignore:easy_install command is deprecated setup.py develop --editable --build-directory /home/antonio/ros2_ws/build/diff_robot_urdf/build --no-deps symlink_data --force
[1.215s] running develop
[1.460s] running egg_info
[1.483s] writing diff_robot_urdf.egg-info/PKG-INFO
[1.483s] writing dependency_links to diff_robot_urdf.egg-info/dependency_links.txt
[1.484s] writing entry points to diff_robot_urdf.egg-info/entry_points.txt
[1.484s] writing requirements to diff_robot_urdf.egg-info/requires.txt
[1.484s] writing top-level names to diff_robot_urdf.egg-info/top_level.txt
[1.531s] reading manifest file 'diff_robot_urdf.egg-info/SOURCES.txt'
[1.532s] writing manifest file 'diff_robot_urdf.egg-info/SOURCES.txt'
[1.556s] running build_ext
[1.556s] Creating /home/antonio/ros2_ws/install/diff_robot_urdf/lib/python3.12/site-packages/diff-robot-urdf.egg-link (link to .)
[1.557s] Installing arm_controller script to /home/antonio/ros2_ws/install/diff_robot_urdf/lib/diff_robot_urdf
[1.557s] 
[1.557s] Installed /home/antonio/ros2_ws/build/diff_robot_urdf
[1.557s] running symlink_data
[1.558s] symbolically linking /home/antonio/ros2_ws/build/diff_robot_urdf/resource/diff_robot_urdf -> /home/antonio/ros2_ws/install/diff_robot_urdf/share/ament_index/resource_index/packages
[1.558s] symbolically linking /home/antonio/ros2_ws/build/diff_robot_urdf/package.xml -> /home/antonio/ros2_ws/install/diff_robot_urdf/share/diff_robot_urdf
[1.558s] symbolically linking /home/antonio/ros2_ws/build/diff_robot_urdf/launch/sim.launch.py -> /home/antonio/ros2_ws/install/diff_robot_urdf/share/diff_robot_urdf/launch
[1.558s] symbolically linking /home/antonio/ros2_ws/build/diff_robot_urdf/launch/mapping.launch.py -> /home/antonio/ros2_ws/install/diff_robot_urdf/share/diff_robot_urdf/launch
[1.558s] symbolically linking /home/antonio/ros2_ws/build/diff_robot_urdf/worlds/tracer_classroom.sdf -> /home/antonio/ros2_ws/install/diff_robot_urdf/share/diff_robot_urdf/worlds
[1.558s] symbolically linking /home/antonio/ros2_ws/build/diff_robot_urdf/worlds/Loyola_Hospital_min.world -> /home/antonio/ros2_ws/install/diff_robot_urdf/share/diff_robot_urdf/worlds
[1.558s] symbolically linking /home/antonio/ros2_ws/build/diff_robot_urdf/urdf/robot_arm.xacro -> /home/antonio/ros2_ws/install/diff_robot_urdf/share/diff_robot_urdf/urdf
[1.558s] symbolically linking /home/antonio/ros2_ws/build/diff_robot_urdf/urdf/fl_wheel.xacro -> /home/antonio/ros2_ws/install/diff_robot_urdf/share/diff_robot_urdf/urdf
[1.558s] symbolically linking /home/antonio/ros2_ws/build/diff_robot_urdf/urdf/fl_castor.xacro -> /home/antonio/ros2_ws/install/diff_robot_urdf/share/diff_robot_urdf/urdf
[1.559s] symbolically linking /home/antonio/ros2_ws/build/diff_robot_urdf/urdf/rr_castor.xacro -> /home/antonio/ros2_ws/install/diff_robot_urdf/share/diff_robot_urdf/urdf
[1.559s] symbolically linking /home/antonio/ros2_ws/build/diff_robot_urdf/urdf/fr_castor.xacro -> /home/antonio/ros2_ws/install/diff_robot_urdf/share/diff_robot_urdf/urdf
[1.559s] symbolically linking /home/antonio/ros2_ws/build/diff_robot_urdf/urdf/rl_wheel.xacro -> /home/antonio/ros2_ws/install/diff_robot_urdf/share/diff_robot_urdf/urdf
[1.559s] symbolically linking /home/antonio/ros2_ws/build/diff_robot_urdf/urdf/tracer_wheel_1.xacro -> /home/antonio/ros2_ws/install/diff_robot_urdf/share/diff_robot_urdf/urdf
[1.559s] symbolically linking /home/antonio/ros2_ws/build/diff_robot_urdf/urdf/tracer_v1.xacro -> /home/antonio/ros2_ws/install/diff_robot_urdf/share/diff_robot_urdf/urdf
[1.559s] symbolically linking /home/antonio/ros2_ws/build/diff_robot_urdf/urdf/tracer_wheel_2.xacro -> /home/antonio/ros2_ws/install/diff_robot_urdf/share/diff_robot_urdf/urdf
[1.559s] symbolically linking /home/antonio/ros2_ws/build/diff_robot_urdf/urdf/empty.urdf -> /home/antonio/ros2_ws/install/diff_robot_urdf/share/diff_robot_urdf/urdf
[1.559s] symbolically linking /home/antonio/ros2_ws/build/diff_robot_urdf/urdf/rr_wheel.xacro -> /home/antonio/ros2_ws/install/diff_robot_urdf/share/diff_robot_urdf/urdf
[1.559s] symbolically linking /home/antonio/ros2_ws/build/diff_robot_urdf/urdf/fr_wheel.xacro -> /home/antonio/ros2_ws/install/diff_robot_urdf/share/diff_robot_urdf/urdf
[1.560s] symbolically linking /home/antonio/ros2_ws/build/diff_robot_urdf/urdf/rl_castor.xacro -> /home/antonio/ros2_ws/install/diff_robot_urdf/share/diff_robot_urdf/urdf
[1.561s] symbolically linking /home/antonio/ros2_ws/build/diff_robot_urdf/meshes/tracer_base_link_no_wheel.dae -> /home/antonio/ros2_ws/install/diff_robot_urdf/share/diff_robot_urdf/meshes
[1.561s] symbolically linking /home/antonio/ros2_ws/build/diff_robot_urdf/meshes/castor.dae -> /home/antonio/ros2_ws/install/diff_robot_urdf/share/diff_robot_urdf/meshes
[1.561s] symbolically linking /home/antonio/ros2_ws/build/diff_robot_urdf/meshes/castor_joint.dae -> /home/antonio/ros2_ws/install/diff_robot_urdf/share/diff_robot_urdf/meshes
[1.561s] symbolically linking /home/antonio/ros2_ws/build/diff_robot_urdf/meshes/caster_L.stl -> /home/antonio/ros2_ws/install/diff_robot_urdf/share/diff_robot_urdf/meshes
[1.562s] symbolically linking /home/antonio/ros2_ws/build/diff_robot_urdf/meshes/caster.stl -> /home/antonio/ros2_ws/install/diff_robot_urdf/share/diff_robot_urdf/meshes
[1.563s] symbolically linking /home/antonio/ros2_ws/build/diff_robot_urdf/meshes/tracer_base_link.dae -> /home/antonio/ros2_ws/install/diff_robot_urdf/share/diff_robot_urdf/meshes
[1.564s] symbolically linking /home/antonio/ros2_ws/build/diff_robot_urdf/meshes/tracer_wheel.dae -> /home/antonio/ros2_ws/install/diff_robot_urdf/share/diff_robot_urdf/meshes
[1.564s] symbolically linking /home/antonio/ros2_ws/build/diff_robot_urdf/config/ros_gz_bridge.yaml -> /home/antonio/ros2_ws/install/diff_robot_urdf/share/diff_robot_urdf/config
[1.564s] symbolically linking /home/antonio/ros2_ws/build/diff_robot_urdf/config/mapper_params_online_async.yaml -> /home/antonio/ros2_ws/install/diff_robot_urdf/share/diff_robot_urdf/config
[1.603s] Invoked command in '/home/antonio/ros2_ws/build/diff_robot_urdf' returned '0': DEBUGINFOD_URLS=https://debuginfod.ubuntu.com PYTHONPATH=/home/antonio/ros2_ws/build/diff_robot_urdf/prefix_override:/usr/lib/python3/dist-packages/colcon_core/task/python/colcon_distutils_commands:/home/antonio/ros2_ws/install/diff_robot_urdf/lib/python3.12/site-packages:${PYTHONPATH} VIRTUAL_ENV_PROMPT=(ai-venv) /usr/bin/python3 -W ignore:setup.py install is deprecated -W ignore:easy_install command is deprecated setup.py develop --editable --build-directory /home/antonio/ros2_ws/build/diff_robot_urdf/build --no-deps symlink_data --force
