running develop
Removing /home/antonio/ros2_ws/install/diff_robot_urdf/lib/python3.12/site-packages/diff-robot-urdf.egg-link (link to .)
running egg_info
writing ../../build/diff_robot_urdf/diff_robot_urdf.egg-info/PKG-INFO
writing dependency_links to ../../build/diff_robot_urdf/diff_robot_urdf.egg-info/dependency_links.txt
writing entry points to ../../build/diff_robot_urdf/diff_robot_urdf.egg-info/entry_points.txt
writing requirements to ../../build/diff_robot_urdf/diff_robot_urdf.egg-info/requires.txt
writing top-level names to ../../build/diff_robot_urdf/diff_robot_urdf.egg-info/top_level.txt
reading manifest file '../../build/diff_robot_urdf/diff_robot_urdf.egg-info/SOURCES.txt'
writing manifest file '../../build/diff_robot_urdf/diff_robot_urdf.egg-info/SOURCES.txt'
running build
running build_py
creating /home/antonio/ros2_ws/build/diff_robot_urdf/build
creating /home/antonio/ros2_ws/build/diff_robot_urdf/build/lib
creating /home/antonio/ros2_ws/build/diff_robot_urdf/build/lib/diff_robot_urdf
copying diff_robot_urdf/arm_controller.py -> /home/antonio/ros2_ws/build/diff_robot_urdf/build/lib/diff_robot_urdf
copying diff_robot_urdf/arm_teleop_bridge.py -> /home/antonio/ros2_ws/build/diff_robot_urdf/build/lib/diff_robot_urdf
copying diff_robot_urdf/__init__.py -> /home/antonio/ros2_ws/build/diff_robot_urdf/build/lib/diff_robot_urdf
running install
running install_lib
creating /home/antonio/ros2_ws/install/diff_robot_urdf/lib/python3.12/site-packages/diff_robot_urdf
copying /home/antonio/ros2_ws/build/diff_robot_urdf/build/lib/diff_robot_urdf/arm_controller.py -> /home/antonio/ros2_ws/install/diff_robot_urdf/lib/python3.12/site-packages/diff_robot_urdf
copying /home/antonio/ros2_ws/build/diff_robot_urdf/build/lib/diff_robot_urdf/arm_teleop_bridge.py -> /home/antonio/ros2_ws/install/diff_robot_urdf/lib/python3.12/site-packages/diff_robot_urdf
copying /home/antonio/ros2_ws/build/diff_robot_urdf/build/lib/diff_robot_urdf/__init__.py -> /home/antonio/ros2_ws/install/diff_robot_urdf/lib/python3.12/site-packages/diff_robot_urdf
byte-compiling /home/antonio/ros2_ws/install/diff_robot_urdf/lib/python3.12/site-packages/diff_robot_urdf/arm_controller.py to arm_controller.cpython-312.pyc
byte-compiling /home/antonio/ros2_ws/install/diff_robot_urdf/lib/python3.12/site-packages/diff_robot_urdf/arm_teleop_bridge.py to arm_teleop_bridge.cpython-312.pyc
byte-compiling /home/antonio/ros2_ws/install/diff_robot_urdf/lib/python3.12/site-packages/diff_robot_urdf/__init__.py to __init__.cpython-312.pyc
running install_data
copying resource/diff_robot_urdf -> /home/antonio/ros2_ws/install/diff_robot_urdf/share/ament_index/resource_index/packages
copying package.xml -> /home/antonio/ros2_ws/install/diff_robot_urdf/share/diff_robot_urdf
copying launch/sim.launch.py -> /home/antonio/ros2_ws/install/diff_robot_urdf/share/diff_robot_urdf/launch
copying launch/mapping.launch.py -> /home/antonio/ros2_ws/install/diff_robot_urdf/share/diff_robot_urdf/launch
copying worlds/tracer_classroom.sdf -> /home/antonio/ros2_ws/install/diff_robot_urdf/share/diff_robot_urdf/worlds
copying worlds/Loyola_Hospital_min.world -> /home/antonio/ros2_ws/install/diff_robot_urdf/share/diff_robot_urdf/worlds
copying urdf/robot_arm.xacro -> /home/antonio/ros2_ws/install/diff_robot_urdf/share/diff_robot_urdf/urdf
copying urdf/fl_wheel.xacro -> /home/antonio/ros2_ws/install/diff_robot_urdf/share/diff_robot_urdf/urdf
copying urdf/fl_castor.xacro -> /home/antonio/ros2_ws/install/diff_robot_urdf/share/diff_robot_urdf/urdf
copying urdf/rr_castor.xacro -> /home/antonio/ros2_ws/install/diff_robot_urdf/share/diff_robot_urdf/urdf
copying urdf/fr_castor.xacro -> /home/antonio/ros2_ws/install/diff_robot_urdf/share/diff_robot_urdf/urdf
copying urdf/rl_wheel.xacro -> /home/antonio/ros2_ws/install/diff_robot_urdf/share/diff_robot_urdf/urdf
copying urdf/tracer_wheel_1.xacro -> /home/antonio/ros2_ws/install/diff_robot_urdf/share/diff_robot_urdf/urdf
copying urdf/tracer_v1.xacro -> /home/antonio/ros2_ws/install/diff_robot_urdf/share/diff_robot_urdf/urdf
copying urdf/tracer_wheel_2.xacro -> /home/antonio/ros2_ws/install/diff_robot_urdf/share/diff_robot_urdf/urdf
copying urdf/empty.urdf -> /home/antonio/ros2_ws/install/diff_robot_urdf/share/diff_robot_urdf/urdf
copying urdf/rr_wheel.xacro -> /home/antonio/ros2_ws/install/diff_robot_urdf/share/diff_robot_urdf/urdf
copying urdf/fr_wheel.xacro -> /home/antonio/ros2_ws/install/diff_robot_urdf/share/diff_robot_urdf/urdf
copying urdf/rl_castor.xacro -> /home/antonio/ros2_ws/install/diff_robot_urdf/share/diff_robot_urdf/urdf
copying meshes/tracer_base_link_no_wheel.dae -> /home/antonio/ros2_ws/install/diff_robot_urdf/share/diff_robot_urdf/meshes
copying meshes/castor.dae -> /home/antonio/ros2_ws/install/diff_robot_urdf/share/diff_robot_urdf/meshes
copying meshes/castor_joint.dae -> /home/antonio/ros2_ws/install/diff_robot_urdf/share/diff_robot_urdf/meshes
copying meshes/caster_L.stl -> /home/antonio/ros2_ws/install/diff_robot_urdf/share/diff_robot_urdf/meshes
copying meshes/caster.stl -> /home/antonio/ros2_ws/install/diff_robot_urdf/share/diff_robot_urdf/meshes
copying meshes/tracer_base_link.dae -> /home/antonio/ros2_ws/install/diff_robot_urdf/share/diff_robot_urdf/meshes
copying meshes/tracer_wheel.dae -> /home/antonio/ros2_ws/install/diff_robot_urdf/share/diff_robot_urdf/meshes
copying config/ros_gz_bridge.yaml -> /home/antonio/ros2_ws/install/diff_robot_urdf/share/diff_robot_urdf/config
copying config/mapper_params_online_async.yaml -> /home/antonio/ros2_ws/install/diff_robot_urdf/share/diff_robot_urdf/config
running install_egg_info
Copying ../../build/diff_robot_urdf/diff_robot_urdf.egg-info to /home/antonio/ros2_ws/install/diff_robot_urdf/lib/python3.12/site-packages/diff_robot_urdf-0.0.0-py3.12.egg-info
running install_scripts
Installing arm_controller script to /home/antonio/ros2_ws/install/diff_robot_urdf/lib/diff_robot_urdf
writing list of installed files to '/home/antonio/ros2_ws/build/diff_robot_urdf/install.log'
